// Jest Snapshot v1, https://goo.gl/fbAQLP

exports[`DropDownFilter DropDownFilter renders without crashing  1`] = `
{
  "asFragment": [Function],
  "baseElement": <body>
    <div>
      <div>
        <p
          style="color: white; margin-bottom: 15px;"
        >
          Жанры
        </p>
        <ul
          class="dropDown__genres"
        >
          <div>
            <li>
              <a
                class="dropDown__a"
                href="/movies/undefined"
              >
                тестовый жанр
              </a>
            </li>
          </div>
        </ul>
      </div>
      <div
        class="dropDown__countryYearsBlock"
      >
        <p
          style="color: white; margin-bottom: 15px;"
        >
          Страны
        </p>
        <ul
          class="dropDown__country"
        >
          <li>
            <a
              class="dropDown__a"
              href="ссылка"
            >
              тестовая страна
            </a>
          </li>
        </ul>
        <p
          style="color: white; margin-top: 15px; margin-bottom: 10px;"
        >
          Годы
        </p>
        <ul
          class="dropDown__country"
        >
          <li>
            <a
              class="dropDown__a"
              href="ссылка"
            >
              тестовый год
            </a>
          </li>
        </ul>
      </div>
    </div>
  </body>,
  "container": <div>
    <div>
      <p
        style="color: white; margin-bottom: 15px;"
      >
        Жанры
      </p>
      <ul
        class="dropDown__genres"
      >
        <div>
          <li>
            <a
              class="dropDown__a"
              href="/movies/undefined"
            >
              тестовый жанр
            </a>
          </li>
        </div>
      </ul>
    </div>
    <div
      class="dropDown__countryYearsBlock"
    >
      <p
        style="color: white; margin-bottom: 15px;"
      >
        Страны
      </p>
      <ul
        class="dropDown__country"
      >
        <li>
          <a
            class="dropDown__a"
            href="ссылка"
          >
            тестовая страна
          </a>
        </li>
      </ul>
      <p
        style="color: white; margin-top: 15px; margin-bottom: 10px;"
      >
        Годы
      </p>
      <ul
        class="dropDown__country"
      >
        <li>
          <a
            class="dropDown__a"
            href="ссылка"
          >
            тестовый год
          </a>
        </li>
      </ul>
    </div>
  </div>,
  "debug": [Function],
  "findAllByAltText": [Function],
  "findAllByDisplayValue": [Function],
  "findAllByLabelText": [Function],
  "findAllByPlaceholderText": [Function],
  "findAllByRole": [Function],
  "findAllByTestId": [Function],
  "findAllByText": [Function],
  "findAllByTitle": [Function],
  "findByAltText": [Function],
  "findByDisplayValue": [Function],
  "findByLabelText": [Function],
  "findByPlaceholderText": [Function],
  "findByRole": [Function],
  "findByTestId": [Function],
  "findByText": [Function],
  "findByTitle": [Function],
  "getAllByAltText": [Function],
  "getAllByDisplayValue": [Function],
  "getAllByLabelText": [Function],
  "getAllByPlaceholderText": [Function],
  "getAllByRole": [Function],
  "getAllByTestId": [Function],
  "getAllByText": [Function],
  "getAllByTitle": [Function],
  "getByAltText": [Function],
  "getByDisplayValue": [Function],
  "getByLabelText": [Function],
  "getByPlaceholderText": [Function],
  "getByRole": [Function],
  "getByTestId": [Function],
  "getByText": [Function],
  "getByTitle": [Function],
  "queryAllByAltText": [Function],
  "queryAllByDisplayValue": [Function],
  "queryAllByLabelText": [Function],
  "queryAllByPlaceholderText": [Function],
  "queryAllByRole": [Function],
  "queryAllByTestId": [Function],
  "queryAllByText": [Function],
  "queryAllByTitle": [Function],
  "queryByAltText": [Function],
  "queryByDisplayValue": [Function],
  "queryByLabelText": [Function],
  "queryByPlaceholderText": [Function],
  "queryByRole": [Function],
  "queryByTestId": [Function],
  "queryByText": [Function],
  "queryByTitle": [Function],
  "rerender": [Function],
  "unmount": [Function],
}
`;
